// Vitest Snapshot v1, https://vitest.dev/guide/snapshot.html

exports[`matches the snapshot 1`] = `
<DocumentFragment>
  <div
    class="loader"
    data-testid="loader"
  />
</DocumentFragment>
`;
